../Core/Src/main.c:112:6:updateMenu	8	static
../Core/Src/main.c:117:6:execCommandSelect	8	static
../Core/Src/main.c:148:6:setTimeInterval	8	static
../Core/Src/main.c:163:6:setVolume	8	static
../Core/Src/main.c:176:6:setLed	8	static
../Core/Src/main.c:188:6:getValueADC	32	static
../Core/Src/main.c:194:6:setAlarm	88	static
../Core/Src/main.c:231:6:BuzzerPlayNote	24	static
../Core/Src/main.c:245:6:playBuzzer	40	static
../Core/Src/main.c:278:5:main	16	static
../Core/Src/main.c:415:6:SystemClock_Config	88	static
../Core/Src/main.c:459:6:HAL_GPIO_EXTI_Falling_Callback	16	static
../Core/Src/main.c:484:6:HAL_RTC_AlarmAEventCallback	16	static
../Core/Src/main.c:498:6:Error_Handler	8	static,ignoring_inline_asm
