../Core/Src/ssd1306_tests.c:838:6:ssd1306_TestBorder	32	static
../Core/Src/ssd1306_tests.c:867:6:ssd1306_TestFonts1	16	static
../Core/Src/ssd1306_tests.c:900:6:ssd1306_TestFonts2	32	static
../Core/Src/ssd1306_tests.c:922:6:ssd1306_TestFPS	112	static
../Core/Src/ssd1306_tests.c:960:6:ssd1306_TestLine	16	static
../Core/Src/ssd1306_tests.c:968:6:ssd1306_TestRectangle	32	static
../Core/Src/ssd1306_tests.c:978:6:ssd1306_rectangle	24	static
../Core/Src/ssd1306_tests.c:982:6:ssd1306_TestRectangleFill	16	static
../Core/Src/ssd1306_tests.c:990:6:ssd1306_TestCircle	16	static
../Core/Src/ssd1306_tests.c:1005:6:ssd1306_TestArc	16	static
../Core/Src/ssd1306_tests.c:1012:6:ssd1306_TestPolyline	32	static
../Core/Src/ssd1306_tests.c:1029:6:ssd1306_TestDrawBitmap	16	static
../Core/Src/ssd1306_tests.c:1043:6:ssd1306_TestDrawUTM	16	static
../Core/Src/ssd1306_tests.c:1051:6:ssd1306_DrawDashboard	16	static
../Core/Src/ssd1306_tests.c:1059:6:ssd1306_DrawMenu	24	static
../Core/Src/ssd1306_tests.c:1066:6:ssd1306_DrawTempIcon	24	static
../Core/Src/ssd1306_tests.c:1076:6:ssd1306_DrawLedStatus	24	static
../Core/Src/ssd1306_tests.c:1082:6:ssd1306_DrawVolumeStatus	24	static
../Core/Src/ssd1306_tests.c:1090:6:ssd1306_DrawIntervalStatus	24	static
../Core/Src/ssd1306_tests.c:1100:6:ssd1306_TestAll	8	static
